
> client@0.1.0 build
> next build

Γû▓ Next.js 16.1.6 (Turbopack)
- Environments: .env.local

  Creating an optimized production build ...
Γ£ô Compiled successfully in 6.6s
  Running TypeScript ...
node.exe : Failed to compile.
At line:1 char:1
+ & "C:\Program Files\nodejs/node.exe" 
"C:\Program Files\nodejs/node_mo ...
+ ~~~~~~~~~~~~~~~~~~~~~~~~~~~~~~~~~~~~~~~~~~
~~~~~~~~~~~~~~~~~~~~~~~~~~~
    + CategoryInfo          : NotSpecified: 
    (Failed to compile.:String) [], Remote  
  Exception
    + FullyQualifiedErrorId : NativeCommand 
   Error
 

./src/components/tasks/TaskForm.tsx:27:9
Type error: Type 'Resolver<{ title: string; 
description?: string | undefined; status?: 
"TODO" | "IN_PROGRESS" | "COMPLETED" | 
undefined; }, any, { title: string; status: 
"TODO" | "IN_PROGRESS" | "COMPLETED"; 
description?: string | undefined; }>' is 
not assignable to type 'Resolver<{ title: 
string; status: "TODO" | "IN_PROGRESS" | 
"COMPLETED"; description?: string | 
undefined; }, any, { title: string; status: 
"TODO" | "IN_PROGRESS" | "COMPLETED"; 
description?: string | undefined; }>'.
  Types of parameters 'options' and 
'options' are incompatible.
    Type 'ResolverOptions<{ title: string; 
status: "TODO" | "IN_PROGRESS" | 
"COMPLETED"; description?: string | 
undefined; }>' is not assignable to type 
'ResolverOptions<{ title: string; 
description?: string | undefined; status?: 
"TODO" | "IN_PROGRESS" | "COMPLETED" | 
undefined; }>'.
      Type '"TODO" | "IN_PROGRESS" | 
"COMPLETED" | undefined' is not assignable 
to type '"TODO" | "IN_PROGRESS" | 
"COMPLETED"'.
        Type 'undefined' is not assignable 
to type '"TODO" | "IN_PROGRESS" | 
"COMPLETED"'.

[0m [90m 25 |[39m [36mexport[39m 
[36mdefault[39m [36mfunction[39m 
[33mTaskForm[39m({ initialData[33m,[39m 
onSubmit[33m,[39m onCancel[33m,[39m 
isSubmitting }[33m:[39m 
[33mTaskFormProps[39m) {
 [90m 26 |[39m     [36mconst[39m { 
register[33m,[39m handleSubmit[33m,[39m 
formState[33m:[39m { errors } } 
[33m=[39m useForm[33m<[39m[33mTaskFormD
ata[39m[33m>[39m({
[31m[1m>[22m[39m[90m 27 |[39m         
resolver[33m:[39m 
zodResolver(taskSchema)[33m,[39m
 [90m    |[39m         
[31m[1m^[22m[39m
 [90m 28 |[39m         
defaultValues[33m:[39m {
 [90m 29 |[39m             
title[33m:[39m 
initialData[33m?[39m[33m.[39mtitle 
[33m||[39m [32m''[39m[33m,[39m
 [90m 30 |[39m             
description[33m:[39m initialData[33m?[39
m[33m.[39mdescription [33m||[39m 
[32m''[39m[33m,[39m[0m
Next.js build worker exited with code: 1 
and signal: null
